../Core/Src/main.c:116:5:main	8	static
../Core/Src/main.c:178:6:SystemClock_Config	88	static
../Core/Src/main.c:221:6:HAL_TIM_PeriodElapsedCallback	16	static
../Core/Src/main.c:238:6:SoftSw_PWM_Channels_OFF	8	static
../Core/Src/main.c:257:6:SoftSw_PWM_Channels_ON	8	static
../Core/Src/main.c:272:6:SoftSw_PWM_Channels_UpdateDuty	24	static
../Core/Src/main.c:295:6:SoftSw_PWM_Channels_UpdatePhase	24	static
../Core/Src/main.c:331:6:SoftSw_PWM_Channels_UpdateFreq	24	static
../Core/Src/main.c:357:6:HardSw_PWM_Channels_ON	8	static
../Core/Src/main.c:367:6:HardSw_PWM_Channels_OFF	8	static
../Core/Src/main.c:379:6:HardSw_PWM_Channels_UpdateDuty	24	static
../Core/Src/main.c:400:6:HardSw_PWM_Channels_UpdatePhase	24	static
../Core/Src/main.c:436:6:HardSw_PWM_Channels_UpdateFreq	24	static
../Core/Src/main.c:458:6:main_timer_function	16	static
../Core/Src/main.c:776:6:TIM_NB_Init	24	static
../Core/Src/main.c:782:6:TIM_NB_Start	16	static
../Core/Src/main.c:790:6:TIM_NB_Stop	16	static
../Core/Src/main.c:797:6:TIM_NB_Check	16	static
../Core/Src/main.c:816:10:millis	8	static
../Core/Src/main.c:821:6:LED_Control	24	static
../Core/Src/main.c:840:6:Button_Control	16	static
../Core/Src/main.c:856:6:Device_Indication_Process	8	static
../Core/Src/main.c:871:6:Device_Check_Error	4	static
../Core/Src/main.c:1014:6:ModbusRTU_Init_AO	16	static
../Core/Src/main.c:1024:6:ModbusRTU_Init_AI	16	static
../Core/Src/main.c:1033:6:ModbusRTU_update_reg	16	static,ignoring_inline_asm
../Core/Src/main.c:1137:6:Error_Handler	4	static,ignoring_inline_asm
