../Core/Src/main.c:117:5:main	8	static
../Core/Src/main.c:186:6:SystemClock_Config	88	static
../Core/Src/main.c:229:6:HAL_TIM_PeriodElapsedCallback	16	static
../Core/Src/main.c:246:6:SoftSw_PWM_Channels_OFF	8	static
../Core/Src/main.c:265:6:SoftSw_PWM_Channels_ON	8	static
../Core/Src/main.c:280:6:SoftSw_PWM_Channels_UpdateDuty	24	static
../Core/Src/main.c:303:6:SoftSw_PWM_Channels_UpdatePhase	24	static
../Core/Src/main.c:339:6:SoftSw_PWM_Channels_UpdateFreq	24	static
../Core/Src/main.c:382:6:HardSw_PWM_Channels_ON	8	static
../Core/Src/main.c:392:6:HardSw_PWM_Channels_OFF	8	static
../Core/Src/main.c:404:6:HardSw_PWM_Channels_UpdateDuty	24	static
../Core/Src/main.c:425:6:HardSw_PWM_Channels_UpdatePhase	24	static
../Core/Src/main.c:461:6:HardSw_PWM_Channels_UpdateFreq	24	static
../Core/Src/main.c:490:6:main_timer_function	16	static
../Core/Src/main.c:801:6:modbus_timer_function	8	static
../Core/Src/main.c:807:6:TIM_NB_Init	24	static
../Core/Src/main.c:813:6:TIM_NB_Start	16	static
../Core/Src/main.c:821:6:TIM_NB_Stop	16	static
../Core/Src/main.c:828:6:TIM_NB_Check	16	static
../Core/Src/main.c:847:10:millis	8	static
../Core/Src/main.c:852:6:LED_Control	24	static
../Core/Src/main.c:871:6:Button_Control	16	static
../Core/Src/main.c:887:6:Device_Indication_Process	8	static
../Core/Src/main.c:902:6:Device_Check_Error	4	static
../Core/Src/main.c:1045:6:ModbusRTU_Init_AO	16	static
../Core/Src/main.c:1055:6:ModbusRTU_Init_AI	16	static
../Core/Src/main.c:1064:6:ModbusRTU_update_reg	16	static,ignoring_inline_asm
../Core/Src/main.c:1168:6:Error_Handler	4	static,ignoring_inline_asm
