../Core/Src/main.c:116:5:main	8	static
../Core/Src/main.c:178:6:SystemClock_Config	88	static
../Core/Src/main.c:221:6:HAL_TIM_PeriodElapsedCallback	16	static
../Core/Src/main.c:238:6:SoftSw_PWM_Channels_OFF	8	static
../Core/Src/main.c:257:6:SoftSw_PWM_Channels_ON	8	static
../Core/Src/main.c:272:6:SoftSw_PWM_Channels_UpdateDuty	24	static
../Core/Src/main.c:295:6:SoftSw_PWM_Channels_UpdatePhase	24	static
../Core/Src/main.c:331:6:SoftSw_PWM_Channels_UpdateFreq	24	static
../Core/Src/main.c:357:6:HardSw_PWM_Channels_ON	8	static
../Core/Src/main.c:367:6:HardSw_PWM_Channels_OFF	8	static
../Core/Src/main.c:379:6:HardSw_PWM_Channels_UpdateDuty	24	static
../Core/Src/main.c:400:6:HardSw_PWM_Channels_UpdatePhase	24	static
../Core/Src/main.c:436:6:HardSw_PWM_Channels_UpdateFreq	24	static
../Core/Src/main.c:458:6:main_timer_function	16	static
../Core/Src/main.c:772:6:TIM_NB_Init	24	static
../Core/Src/main.c:778:6:TIM_NB_Start	16	static
../Core/Src/main.c:786:6:TIM_NB_Stop	16	static
../Core/Src/main.c:793:6:TIM_NB_Check	16	static
../Core/Src/main.c:812:10:millis	8	static
../Core/Src/main.c:817:6:LED_Control	24	static
../Core/Src/main.c:836:6:Button_Control	16	static
../Core/Src/main.c:852:6:Device_Indication_Process	8	static
../Core/Src/main.c:867:6:Device_Check_Error	4	static
../Core/Src/main.c:1010:6:ModbusRTU_Init_AO	16	static
../Core/Src/main.c:1019:6:ModbusRTU_Init_AI	16	static
../Core/Src/main.c:1028:6:ModbusRTU_update_reg	16	static
../Core/Src/main.c:1119:6:Error_Handler	4	static,ignoring_inline_asm
