../Core/Src/ModbusRTU.c:36:6:ModbusRTU_UART_Init	8	static
../Core/Src/ModbusRTU.c:40:6:ModbusRTU_Init	8	static
../Core/Src/ModbusRTU.c:51:6:ModbusRTU_Deinit	8	static
../Core/Src/ModbusRTU.c:60:6:ModbusRTU_Handler	16	static
../Core/Src/ModbusRTU.c:71:6:ModbusRTU_Receive	24	static
../Core/Src/ModbusRTU.c:248:6:ModbusRTU_Transmit	8	static
../Core/Src/ModbusRTU.c:259:6:HAL_UART_RxCpltCallback	16	static
../Core/Src/ModbusRTU.c:267:6:HAL_UART_TxCpltCallback	16	static
../Core/Src/ModbusRTU.c:280:6:HAL_UART_ErrorCallback	16	static
../Core/Src/ModbusRTU.c:322:7:ModbusRTU_Conv_Out_f	40	static
../Core/Src/ModbusRTU.c:335:16:ModbusRTU_Conv_Out_us	40	static
../Core/Src/ModbusRTU.c:353:16:CRC16	24	static
